#
# There is insufficient memory for the Java Runtime Environment to continue.
# Native memory allocation (malloc) failed to allocate 3606744 bytes. Error detail: Chunk::new
# Possible reasons:
#   The system is out of physical RAM or swap space
#   This process is running with CompressedOops enabled, and the Java Heap may be blocking the growth of the native heap
# Possible solutions:
#   Reduce memory load on the system
#   Increase physical memory or swap space
#   Check if swap backing store is full
#   Decrease Java heap size (-Xmx/-Xms)
#   Decrease number of Java threads
#   Decrease Java thread stack sizes (-Xss)
#   Set larger code cache with -XX:ReservedCodeCacheSize=
#   JVM is running with Unscaled Compressed Oops mode in which the Java heap is
#     placed in the first 4GB address space. The Java Heap base address is the
#     maximum limit for the native heap growth. Please use -XX:HeapBaseMinAddress
#     to set the Java Heap base and to place the Java Heap above 4GB virtual address.
# This output file may be truncated or incomplete.
#
#  Out of Memory Error (arena.cpp:193), pid=11768, tid=30040
#
# JRE version: Java(TM) SE Runtime Environment (26.0.2.1+1) (build 26.0.2.1+1-7)
# Java VM: Java HotSpot(TM) 64-Bit Server VM (26.0.2.1+1-7, mixed mode, sharing, tiered, compressed oops, compressed class ptrs, g1 gc, windows-amd64)
# No core dump will be written. Minidumps are not enabled by default on client versions of Windows
#

---------------  S U M M A R Y ------------

Command Line: -Xmx64m -Xms64m -Dorg.gradle.appname=gradlew C:\Users\tloup\AndroidStudioProjects\MedicheckReminder\\gradle\wrapper\gradle-wrapper.jar :app:compileDebugKotlin

Host: Intel(R) Core(TM) 5 120U, 12 cores, 7G,  Windows 11 , 64 bit Build 26100 (10.0.26100.9444)
Time: Mon Sep 21 22:08:05 2026 South Africa Standard Time elapsed time: 4.814017 seconds (0d 0h 0m 4s)

---------------  T H R E A D  ---------------

Current thread (0x000001fd79084620):  JavaThread "C2 CompilerThread0" daemon [_thread_in_native, id=30040, stack(0x0000006b02900000,0x0000006b02a00000) (1024K)]


Current CompileTask:
C2:4814  839  s!   4       jdk.internal.loader.URLClassPath::getLoader (202 bytes)

Stack: [0x0000006b02900000,0x0000006b02a00000]
Native frames: (J=compiled Java code, j=interpreted, Vv=VM code, C=native code)
V  [jvm.dll+0x7d6ea9]  (no source info available)
V  [jvm.dll+0x7a4dcd]  (no source info available)
V  [jvm.dll+0x9b2390]  (no source info available)
V  [jvm.dll+0x9b47e1]  (no source info available)
V  [jvm.dll+0x9b4ef3]  (no source info available)
V  [jvm.dll+0x30f4d6]  (no source info available)
V  [jvm.dll+0x11ddb6]  (no source info available)
V  [jvm.dll+0x11e0de]  (no source info available)
V  [jvm.dll+0x1b00f6]  (no source info available)
V  [jvm.dll+0x3cc262]  (no source info available)
V  [jvm.dll+0x7dfaa2]  (no source info available)
V  [jvm.dll+0x2d2947]  (no source info available)
V  [jvm.dll+0x2d18bf]  (no source info available)
V  [jvm.dll+0x246d30]  (no source info available)
V  [jvm.dll+0x2e19dc]  (no source info available)
V  [jvm.dll+0x2dfbbd]  (no source info available)
V  [jvm.dll+0x4a5a61]  (no source info available)
V  [jvm.dll+0x950d59]  (no source info available)
V  [jvm.dll+0x7d8988]  (no source info available)
C  [ucrtbase.dll+0x2cd30]  (no source info available)
C  [KERNEL32.DLL+0x2cd87]  (no source info available)
C  [ntdll.dll+0xacaec]  (no source info available)

Lock stack of current Java thread (top to bottom):


---------------  P R O C E S S  ---------------

Threads class SMR info:
_java_thread_list=0x000001fd790ce290, length=11, elements={
0x000001fd5bd66b90, 0x000001fd5e249640, 0x000001fd5e24b970, 0x000001fd7907ec50,
0x000001fd7907f800, 0x000001fd79080f20, 0x000001fd790866a0, 0x000001fd79084620,
0x000001fd79084e20, 0x000001fd790c8490, 0x000001fd790cd980
}

Java Threads: ( => current thread )
  0x000001fd5bd66b90 JavaThread "main"                              [_thread_in_Java, id=31256, stack(0x0000006b01a00000,0x0000006b01b00000) (1024K)]
  0x000001fd5e249640 JavaThread "Reference Handler"          daemon [_thread_blocked, id=15960, stack(0x0000006b02300000,0x0000006b02400000) (1024K)]
  0x000001fd5e24b970 JavaThread "Finalizer"                  daemon [_thread_blocked, id=23956, stack(0x0000006b02400000,0x0000006b02500000) (1024K)]
  0x000001fd7907ec50 JavaThread "Signal Dispatcher"          daemon [_thread_blocked, id=30404, stack(0x0000006b02500000,0x0000006b02600000) (1024K)]
  0x000001fd7907f800 JavaThread "Attach Listener"            daemon [_thread_blocked, id=5276, stack(0x0000006b02600000,0x0000006b02700000) (1024K)]
  0x000001fd79080f20 JavaThread "Service Thread"             daemon [_thread_blocked, id=33040, stack(0x0000006b02700000,0x0000006b02800000) (1024K)]
  0x000001fd790866a0 JavaThread "Monitor Deflation Thread"   daemon [_thread_blocked, id=10896, stack(0x0000006b02800000,0x0000006b02900000) (1024K)]
=>0x000001fd79084620 JavaThread "C2 CompilerThread0"         daemon [_thread_in_native, id=30040, stack(0x0000006b02900000,0x0000006b02a00000) (1024K)]
  0x000001fd79084e20 JavaThread "C1 CompilerThread0"         daemon [_thread_blocked, id=13856, stack(0x0000006b02a00000,0x0000006b02b00000) (1024K)]
  0x000001fd790c8490 JavaThread "Notification Thread"        daemon [_thread_blocked, id=33688, stack(0x0000006b02b00000,0x0000006b02c00000) (1024K)]
  0x000001fd790cd980 JavaThread "Common-Cleaner"             daemon [_thread_blocked, id=32872, stack(0x0000006b02c00000,0x0000006b02d00000) (1024K)]
Total: 11

Other Threads:
  0x000001fd5e236c90 VMThread "VM Thread"                           [id=26448, stack(0x0000006b02200000,0x0000006b02300000) (1024K)]
  0x000001fd7907ce20 WatcherThread "VM Periodic Task Thread"        [id=32036, stack(0x0000006b02100000,0x0000006b02200000) (1024K)]
  0x000001fd5e1b7430 WorkerThread "GC Thread#0"                     [id=13068, stack(0x0000006b01b00000,0x0000006b01c00000) (1024K)]
  0x000001fd5e1b90f0 ConcurrentGCThread "G1 Main Marker"            [id=6060, stack(0x0000006b01c00000,0x0000006b01d00000) (1024K)]
  0x000001fd5e1bba80 WorkerThread "G1 Conc#0"                       [id=32468, stack(0x0000006b01d00000,0x0000006b01e00000) (1024K)]
  0x000001fd5e209fa0 WorkerThread "G1 Refinement Workers#0"         [id=3264, stack(0x0000006b01f00000,0x0000006b02000000) (1024K)]
  0x000001fd5e2085d0 ConcurrentGCThread "G1 Refine Control"         [id=3496, stack(0x0000006b01e00000,0x0000006b01f00000) (1024K)]
  0x000001fd5e20b760 ConcurrentGCThread "G1 Service"                [id=16636, stack(0x0000006b02000000,0x0000006b02100000) (1024K)]
Total: 8

Threads with active compile tasks:
C2 CompilerThread0  5008  839  s!   4       jdk.internal.loader.URLClassPath::getLoader (202 bytes)
Total: 1

VM state: not at safepoint (normal execution)

VM Mutex/Monitor currently owned by a thread: None

Heap address: 0x00000000fc000000, size: 64 MB, Compressed Oops mode: 32-bit

CDS archive(s) mapped at: [0x000000009c000000-0x000000009cde0000-0x000000009cde0000), size 14548992, SharedBaseAddress: 0x000000009c000000, ArchiveRelocationMode: 1.
Compressed class space mapped at: 0x000000009d000000-0x00000000dd000000, reserved size: 1073741824
UseCompressedClassPointers 1, UseCompactObjectHeaders 0
Narrow klass pointer bits 32, Max shift 3
Narrow klass base: 0x000000009c000000, Narrow klass shift: 0
Encoding Range: [0x000000009c000000 - 0x000000019c000000), (4294967296 bytes)
Klass Range:    [0x000000009c000000 - 0x00000000dd000000), (1090519040 bytes)
Klass ID Range:  [8 - 1090519033) (1090519025)
Protection zone: [0x000000009c000000 - 0x000000009c010000), (65536 bytes)

GC Precious Log:
 CardTable entry size: 512
 Card Set container configuration: InlinePtr #cards 5 size 8 Array Of Cards #cards 10 size 36 Howl #buckets 4 coarsen threshold 1843 Howl Bitmap #cards 512 size 80 coarsen threshold 460 Card regions per heap region 1 cards per card region 2048
 CPUs: 12 total, 12 available
 Memory: 7806M
 Large Page Support: Disabled
 NUMA Support: Disabled
 Compressed Oops: Enabled (32-bit)
 Heap Region Size: 1M
 Heap Min Capacity: 64M
 Heap Initial Capacity: 64M
 Heap Max Capacity: 64M
 Pre-touch: Disabled
 Parallel Workers: 10
 Concurrent Workers: 3
 Concurrent Refinement Workers: 10
 Periodic GC: Disabled

Heap:
 garbage-first heap   total reserved 65536K, committed 65536K, used 20643K [0x00000000fc000000, 0x0000000100000000)
  region size 1M, 21 eden (21M), 0 survivor (0M), 2 old (2M), 0 humongous (0M), 41 free (41M)

Heap Regions: E=young(eden), S=young(survivor), O=old, HS=humongous(starts), HC=humongous(continues), CS=collection set, F=free, TAMS=top-at-mark-start, PB=parsable bottom
|    0|0x00000000fc000000, 0x00000000fc000000, 0x00000000fc100000|  0%| F|  |TAMS 0x00000000fc000000| PB 0x00000000fc000000| Untracked |  0
|    1|0x00000000fc100000, 0x00000000fc100000, 0x00000000fc200000|  0%| F|  |TAMS 0x00000000fc100000| PB 0x00000000fc100000| Untracked |  0
|    2|0x00000000fc200000, 0x00000000fc200000, 0x00000000fc300000|  0%| F|  |TAMS 0x00000000fc200000| PB 0x00000000fc200000| Untracked |  0
|    3|0x00000000fc300000, 0x00000000fc300000, 0x00000000fc400000|  0%| F|  |TAMS 0x00000000fc300000| PB 0x00000000fc300000| Untracked |  0
|    4|0x00000000fc400000, 0x00000000fc400000, 0x00000000fc500000|  0%| F|  |TAMS 0x00000000fc400000| PB 0x00000000fc400000| Untracked |  0
|    5|0x00000000fc500000, 0x00000000fc500000, 0x00000000fc600000|  0%| F|  |TAMS 0x00000000fc500000| PB 0x00000000fc500000| Untracked |  0
|    6|0x00000000fc600000, 0x00000000fc600000, 0x00000000fc700000|  0%| F|  |TAMS 0x00000000fc600000| PB 0x00000000fc600000| Untracked |  0
|    7|0x00000000fc700000, 0x00000000fc700000, 0x00000000fc800000|  0%| F|  |TAMS 0x00000000fc700000| PB 0x00000000fc700000| Untracked |  0
|    8|0x00000000fc800000, 0x00000000fc800000, 0x00000000fc900000|  0%| F|  |TAMS 0x00000000fc800000| PB 0x00000000fc800000| Untracked |  0
|    9|0x00000000fc900000, 0x00000000fc900000, 0x00000000fca00000|  0%| F|  |TAMS 0x00000000fc900000| PB 0x00000000fc900000| Untracked |  0
|   10|0x00000000fca00000, 0x00000000fca00000, 0x00000000fcb00000|  0%| F|  |TAMS 0x00000000fca00000| PB 0x00000000fca00000| Untracked |  0
|   11|0x00000000fcb00000, 0x00000000fcb00000, 0x00000000fcc00000|  0%| F|  |TAMS 0x00000000fcb00000| PB 0x00000000fcb00000| Untracked |  0
|   12|0x00000000fcc00000, 0x00000000fcc00000, 0x00000000fcd00000|  0%| F|  |TAMS 0x00000000fcc00000| PB 0x00000000fcc00000| Untracked |  0
|   13|0x00000000fcd00000, 0x00000000fcd00000, 0x00000000fce00000|  0%| F|  |TAMS 0x00000000fcd00000| PB 0x00000000fcd00000| Untracked |  0
|   14|0x00000000fce00000, 0x00000000fce00000, 0x00000000fcf00000|  0%| F|  |TAMS 0x00000000fce00000| PB 0x00000000fce00000| Untracked |  0
|   15|0x00000000fcf00000, 0x00000000fcf00000, 0x00000000fd000000|  0%| F|  |TAMS 0x00000000fcf00000| PB 0x00000000fcf00000| Untracked |  0
|   16|0x00000000fd000000, 0x00000000fd000000, 0x00000000fd100000|  0%| F|  |TAMS 0x00000000fd000000| PB 0x00000000fd000000| Untracked |  0
|   17|0x00000000fd100000, 0x00000000fd100000, 0x00000000fd200000|  0%| F|  |TAMS 0x00000000fd100000| PB 0x00000000fd100000| Untracked |  0
|   18|0x00000000fd200000, 0x00000000fd200000, 0x00000000fd300000|  0%| F|  |TAMS 0x00000000fd200000| PB 0x00000000fd200000| Untracked |  0
|   19|0x00000000fd300000, 0x00000000fd300000, 0x00000000fd400000|  0%| F|  |TAMS 0x00000000fd300000| PB 0x00000000fd300000| Untracked |  0
|   20|0x00000000fd400000, 0x00000000fd400000, 0x00000000fd500000|  0%| F|  |TAMS 0x00000000fd400000| PB 0x00000000fd400000| Untracked |  0
|   21|0x00000000fd500000, 0x00000000fd500000, 0x00000000fd600000|  0%| F|  |TAMS 0x00000000fd500000| PB 0x00000000fd500000| Untracked |  0
|   22|0x00000000fd600000, 0x00000000fd600000, 0x00000000fd700000|  0%| F|  |TAMS 0x00000000fd600000| PB 0x00000000fd600000| Untracked |  0
|   23|0x00000000fd700000, 0x00000000fd700000, 0x00000000fd800000|  0%| F|  |TAMS 0x00000000fd700000| PB 0x00000000fd700000| Untracked |  0
|   24|0x00000000fd800000, 0x00000000fd800000, 0x00000000fd900000|  0%| F|  |TAMS 0x00000000fd800000| PB 0x00000000fd800000| Untracked |  0
|   25|0x00000000fd900000, 0x00000000fd900000, 0x00000000fda00000|  0%| F|  |TAMS 0x00000000fd900000| PB 0x00000000fd900000| Untracked |  0
|   26|0x00000000fda00000, 0x00000000fda00000, 0x00000000fdb00000|  0%| F|  |TAMS 0x00000000fda00000| PB 0x00000000fda00000| Untracked |  0
|   27|0x00000000fdb00000, 0x00000000fdb00000, 0x00000000fdc00000|  0%| F|  |TAMS 0x00000000fdb00000| PB 0x00000000fdb00000| Untracked |  0
|   28|0x00000000fdc00000, 0x00000000fdc00000, 0x00000000fdd00000|  0%| F|  |TAMS 0x00000000fdc00000| PB 0x00000000fdc00000| Untracked |  0
|   29|0x00000000fdd00000, 0x00000000fdd00000, 0x00000000fde00000|  0%| F|  |TAMS 0x00000000fdd00000| PB 0x00000000fdd00000| Untracked |  0
|   30|0x00000000fde00000, 0x00000000fde00000, 0x00000000fdf00000|  0%| F|  |TAMS 0x00000000fde00000| PB 0x00000000fde00000| Untracked |  0
|   31|0x00000000fdf00000, 0x00000000fdf00000, 0x00000000fe000000|  0%| F|  |TAMS 0x00000000fdf00000| PB 0x00000000fdf00000| Untracked |  0
|   32|0x00000000fe000000, 0x00000000fe000000, 0x00000000fe100000|  0%| F|  |TAMS 0x00000000fe000000| PB 0x00000000fe000000| Untracked |  0
|   33|0x00000000fe100000, 0x00000000fe100000, 0x00000000fe200000|  0%| F|  |TAMS 0x00000000fe100000| PB 0x00000000fe100000| Untracked |  0
|   34|0x00000000fe200000, 0x00000000fe200000, 0x00000000fe300000|  0%| F|  |TAMS 0x00000000fe200000| PB 0x00000000fe200000| Untracked |  0
|   35|0x00000000fe300000, 0x00000000fe300000, 0x00000000fe400000|  0%| F|  |TAMS 0x00000000fe300000| PB 0x00000000fe300000| Untracked |  0
|   36|0x00000000fe400000, 0x00000000fe400000, 0x00000000fe500000|  0%| F|  |TAMS 0x00000000fe400000| PB 0x00000000fe400000| Untracked |  0
|   37|0x00000000fe500000, 0x00000000fe500000, 0x00000000fe600000|  0%| F|  |TAMS 0x00000000fe500000| PB 0x00000000fe500000| Untracked |  0
|   38|0x00000000fe600000, 0x00000000fe600000, 0x00000000fe700000|  0%| F|  |TAMS 0x00000000fe600000| PB 0x00000000fe600000| Untracked |  0
|   39|0x00000000fe700000, 0x00000000fe700000, 0x00000000fe800000|  0%| F|  |TAMS 0x00000000fe700000| PB 0x00000000fe700000| Untracked |  0
|   40|0x00000000fe800000, 0x00000000fe800000, 0x00000000fe900000|  0%| F|  |TAMS 0x00000000fe800000| PB 0x00000000fe800000| Untracked |  0
|   41|0x00000000fe900000, 0x00000000fe980000, 0x00000000fea00000| 50%| E|CS|TAMS 0x00000000fe900000| PB 0x00000000fe900000| Complete  |  0
|   42|0x00000000fea00000, 0x00000000feb00000, 0x00000000feb00000|100%| E|CS|TAMS 0x00000000fea00000| PB 0x00000000fea00000| Complete  |  0
|   43|0x00000000feb00000, 0x00000000fec00000, 0x00000000fec00000|100%| E|CS|TAMS 0x00000000feb00000| PB 0x00000000feb00000| Complete  |  0
|   44|0x00000000fec00000, 0x00000000fed00000, 0x00000000fed00000|100%| E|CS|TAMS 0x00000000fec00000| PB 0x00000000fec00000| Complete  |  0
|   45|0x00000000fed00000, 0x00000000fee00000, 0x00000000fee00000|100%| E|CS|TAMS 0x00000000fed00000| PB 0x00000000fed00000| Complete  |  0
|   46|0x00000000fee00000, 0x00000000fef00000, 0x00000000fef00000|100%| E|CS|TAMS 0x00000000fee00000| PB 0x00000000fee00000| Complete  |  0
|   47|0x00000000fef00000, 0x00000000ff000000, 0x00000000ff000000|100%| E|CS|TAMS 0x00000000fef00000| PB 0x00000000fef00000| Complete  |  0
|   48|0x00000000ff000000, 0x00000000ff100000, 0x00000000ff100000|100%| E|CS|TAMS 0x00000000ff000000| PB 0x00000000ff000000| Complete  |  0
|   49|0x00000000ff100000, 0x00000000ff200000, 0x00000000ff200000|100%| E|CS|TAMS 0x00000000ff100000| PB 0x00000000ff100000| Complete  |  0
|   50|0x00000000ff200000, 0x00000000ff300000, 0x00000000ff300000|100%| E|CS|TAMS 0x00000000ff200000| PB 0x00000000ff200000| Complete  |  0
|   51|0x00000000ff300000, 0x00000000ff400000, 0x00000000ff400000|100%| E|CS|TAMS 0x00000000ff300000| PB 0x00000000ff300000| Complete  |  0
|   52|0x00000000ff400000, 0x00000000ff500000, 0x00000000ff500000|100%| E|CS|TAMS 0x00000000ff400000| PB 0x00000000ff400000| Complete  |  0
|   53|0x00000000ff500000, 0x00000000ff600000, 0x00000000ff600000|100%| E|CS|TAMS 0x00000000ff500000| PB 0x00000000ff500000| Complete  |  0
|   54|0x00000000ff600000, 0x00000000ff700000, 0x00000000ff700000|100%| E|CS|TAMS 0x00000000ff600000| PB 0x00000000ff600000| Complete  |  0
|   55|0x00000000ff700000, 0x00000000ff800000, 0x00000000ff800000|100%| E|CS|TAMS 0x00000000ff700000| PB 0x00000000ff700000| Complete  |  0
|   56|0x00000000ff800000, 0x00000000ff900000, 0x00000000ff900000|100%| E|CS|TAMS 0x00000000ff800000| PB 0x00000000ff800000| Complete  |  0
|   57|0x00000000ff900000, 0x00000000ffa00000, 0x00000000ffa00000|100%| E|CS|TAMS 0x00000000ff900000| PB 0x00000000ff900000| Complete  |  0
|   58|0x00000000ffa00000, 0x00000000ffb00000, 0x00000000ffb00000|100%| E|CS|TAMS 0x00000000ffa00000| PB 0x00000000ffa00000| Complete  |  0
|   59|0x00000000ffb00000, 0x00000000ffc00000, 0x00000000ffc00000|100%| E|CS|TAMS 0x00000000ffb00000| PB 0x00000000ffb00000| Complete  |  0
|   60|0x00000000ffc00000, 0x00000000ffd00000, 0x00000000ffd00000|100%| E|CS|TAMS 0x00000000ffc00000| PB 0x00000000ffc00000| Complete  |  0
|   61|0x00000000ffd00000, 0x00000000ffe00000, 0x00000000ffe00000|100%| E|CS|TAMS 0x00000000ffd00000| PB 0x00000000ffd00000| Complete  |  0
|   62|0x00000000ffe00000, 0x00000000fff00000, 0x00000000fff00000|100%| O|  |TAMS 0x00000000ffe00000| PB 0x00000000ffe00000| Untracked |  0
|   63|0x00000000fff00000, 0x00000000fff28e98, 0x0000000100000000| 15%| O|  |TAMS 0x00000000fff00000| PB 0x00000000fff00000| Untracked |  0

Card table byte_map: [0x000001fd5bf80000,0x000001fd5bfa0000] _byte_map_base: 0x000001fd5b7a0000
Refinement table byte_map: [0x000001fd5bfa0000,0x000001fd5bfc0000] _byte_map_base: 0x000001fd5b7c0000

Marking Bits: (CMBitMap*) 0x000001fd5e1b7bb0
 Bits: [0x000001fd763c0000, 0x000001fd764c0000)

Polling page: 0x000001fd5bf30000

Metaspace:
Metaspace        used 2295K, committed 2432K, reserved 1114112K
 class space     used 241K, committed 320K, reserved 1048576K

Usage:
  Non-class:      2.01 MB used.
      Class:    241.95 KB used.
       Both:      2.24 MB used.

Virtual space:
  Non-class space:       64.00 MB reserved,       2.06 MB (  3%) committed,  1 nodes.
      Class space:        1.00 GB reserved,     320.00 KB ( <1%) committed,  1 nodes.
             Both:        1.06 GB reserved,       2.38 MB ( <1%) committed. 

Chunk freelists:
   Non-Class:  11.44 MB
       Class:  15.60 MB
        Both:  27.04 MB

MaxMetaspaceSize: unlimited
CompressedClassSpaceSize: 1.00 GB
Initial GC threshold: 21.00 MB
Current GC threshold: 21.00 MB
CDS: on
 - commit_granule_bytes: 65536.
 - commit_granule_words: 8192.
 - virtual_space_node_default_size: 8388608.
 - enlarge_chunks_in_place: 1.
UseCompressedClassPointers 1, UseCompactObjectHeaders 0
Narrow klass pointer bits 32, Max shift 3
Narrow klass base: 0x000000009c000000, Narrow klass shift: 0
Encoding Range: [0x000000009c000000 - 0x000000019c000000), (4294967296 bytes)
Klass Range:    [0x000000009c000000 - 0x00000000dd000000), (1090519040 bytes)
Klass ID Range:  [8 - 1090519033) (1090519025)
Protection zone: [0x000000009c000000 - 0x000000009c010000), (65536 bytes)


Internal statistics:

num_allocs_failed_limit: 0.
num_arena_births: 32.
num_arena_deaths: 0.
num_vsnodes_births: 2.
num_vsnodes_deaths: 0.
num_space_committed: 38.
num_space_uncommitted: 0.
num_chunks_returned_to_freelist: 0.
num_chunks_taken_from_freelist: 75.
num_chunk_merges: 0.
num_chunk_splits: 46.
num_chunks_enlarged: 35.
num_inconsistent_stats: 0.

CodeHeap 'non-profiled nmethods': size=120064Kb used=264Kb max_used=264Kb free=119799Kb
 bounds [0x000001fd6e920000, 0x000001fd6eb90000, 0x000001fd75e60000]
CodeHeap 'profiled nmethods': size=120064Kb used=1156Kb max_used=1156Kb free=118907Kb
 bounds [0x000001fd66e40000, 0x000001fd670b0000, 0x000001fd6e380000]
CodeHeap 'non-nmethods': size=5760Kb used=1319Kb max_used=1339Kb free=4440Kb
 bounds [0x000001fd6e380000, 0x000001fd6e5f0000, 0x000001fd6e920000]
CodeCache: size=245888Kb, used=2739Kb, max_used=2759Kb, free=243146Kb
 total_blobs=1301, nmethods=870, adapters=335, full_count=0
Compilation: enabled, stopped_count=0, restarted_count=0

Compilation events (20 events):
Event: 4.751 Thread 0x000001fd79084e20  835       3       java.lang.ClassNotFoundException::<init> (7 bytes)
Event: 4.751 Thread 0x000001fd79084620 nmethod 834 0x000001fd6e95fc88 code [0x000001fd6e95fd80, 0x000001fd6e95feb8]
Event: 4.751 Thread 0x000001fd79084620  836       4       java.util.zip.ZipFile$Source::getEntryPos (199 bytes)
Event: 4.751 Thread 0x000001fd79084e20 nmethod 835 0x000001fd66f55f88 code [0x000001fd66f56080, 0x000001fd66f56278]
Event: 4.764 Thread 0x000001fd79084620 nmethod 836 0x000001fd6e95ff88 code [0x000001fd6e960080, 0x000001fd6e960990]
Event: 4.765 Thread 0x000001fd79084620  839  s!   4       jdk.internal.loader.URLClassPath::getLoader (202 bytes)
Event: 4.767 Thread 0x000001fd79084e20  841       3       java.security.CodeSource::getCertificates (95 bytes)
Event: 4.768 Thread 0x000001fd79084e20 nmethod 841 0x000001fd66f56288 code [0x000001fd66f56380, 0x000001fd66f56e28]
Event: 4.771 Thread 0x000001fd79084e20  842       3       java.util.zip.ZipEntry::<init> (91 bytes)
Event: 4.772 Thread 0x000001fd79084e20 nmethod 842 0x000001fd66f56e88 code [0x000001fd66f56f80, 0x000001fd66f57438]
Event: 4.775 Thread 0x000001fd79084e20  843       3       java.lang.ref.SoftReference::get (29 bytes)
Event: 4.775 Thread 0x000001fd79084e20 nmethod 843 0x000001fd66f57488 code [0x000001fd66f57580, 0x000001fd66f57780]
Event: 4.780 Thread 0x000001fd79084e20  844   !   3       jdk.internal.loader.URLClassPath$JarLoader::createResource (62 bytes)
Event: 4.781 Thread 0x000001fd79084e20 nmethod 844 0x000001fd66f57788 code [0x000001fd66f57880, 0x000001fd66f57f88]
Event: 4.782 Thread 0x000001fd79084e20  845       3       java.lang.Math::max (12 bytes)
Event: 4.782 Thread 0x000001fd79084e20 nmethod 845 0x000001fd66f58008 code [0x000001fd66f58100, 0x000001fd66f58220]
Event: 4.788 Thread 0x000001fd79084e20  847       3       java.lang.invoke.LambdaForm::argument (27 bytes)
Event: 4.788 Thread 0x000001fd79084e20 nmethod 847 0x000001fd66f58308 code [0x000001fd66f58400, 0x000001fd66f586c8]
Event: 4.788 Thread 0x000001fd79084e20  849       1       java.lang.invoke.MethodTypeForm::basicType (5 bytes)
Event: 4.788 Thread 0x000001fd79084e20 nmethod 849 0x000001fd6e961308 code [0x000001fd6e961400, 0x000001fd6e9614b8]

GC Heap Usage History (0 events):
No events

Metaspace Usage History (0 events):
No events

Dll operation events (10 events):
Event: 0.087 Attempting to load shared library C:\Program Files\Java\jdk-26.0.2.1\bin\java.dll
Event: 0.095 Loaded shared library C:\Program Files\Java\jdk-26.0.2.1\bin\java.dll
Event: 0.305 Attempting to load shared library C:\Program Files\Java\jdk-26.0.2.1\bin\net.dll
Event: 0.411 Loaded shared library C:\Program Files\Java\jdk-26.0.2.1\bin\net.dll
Event: 0.416 Attempting to load shared library C:\Program Files\Java\jdk-26.0.2.1\bin\nio.dll
Event: 0.418 Loaded shared library C:\Program Files\Java\jdk-26.0.2.1\bin\nio.dll
Event: 0.426 Attempting to load shared library C:\Program Files\Java\jdk-26.0.2.1\bin\zip.dll
Event: 0.436 Loaded shared library C:\Program Files\Java\jdk-26.0.2.1\bin\zip.dll
Event: 2.553 Attempting to load shared library C:\Program Files\Java\jdk-26.0.2.1\bin\jimage.dll
Event: 2.553 Loaded shared library C:\Program Files\Java\jdk-26.0.2.1\bin\jimage.dll

Deoptimization events (20 events):
Event: 4.339 Thread 0x000001fd5bd66b90 DEOPT PACKING pc=0x000001fd66ee5f19 sp=0x0000006b01af9b90
Event: 4.339 Thread 0x000001fd5bd66b90 DEOPT UNPACKING pc=0x000001fd6e3d1a02 sp=0x0000006b01af8fe0 mode 0
Event: 4.418 Thread 0x000001fd5bd66b90 DEOPT PACKING pc=0x000001fd66ee5f19 sp=0x0000006b01af9f30
Event: 4.418 Thread 0x000001fd5bd66b90 DEOPT UNPACKING pc=0x000001fd6e3d1a02 sp=0x0000006b01af9380 mode 0
Event: 4.459 Thread 0x000001fd5bd66b90 Uncommon trap: trap_request=0xffffff45 fr.pc=0x000001fd6e952320 relative=0x00000000000001a0
Event: 4.459 Thread 0x000001fd5bd66b90 Uncommon trap: reason=unstable_if action=reinterpret pc=0x000001fd6e952320 method=java.util.zip.ZipFile$Source.isMetaName([BII)Z @ 82 c2
Event: 4.459 Thread 0x000001fd5bd66b90 DEOPT PACKING pc=0x000001fd6e952320 sp=0x0000006b01af9c50
Event: 4.459 Thread 0x000001fd5bd66b90 DEOPT UNPACKING pc=0x000001fd6e416e02 sp=0x0000006b01af9be0 mode 2
Event: 4.503 Thread 0x000001fd5bd66b90 DEOPT PACKING pc=0x000001fd66f0c146 sp=0x0000006b01afa000
Event: 4.503 Thread 0x000001fd5bd66b90 DEOPT UNPACKING pc=0x000001fd6e3d1a02 sp=0x0000006b01af9500 mode 0
Event: 4.521 Thread 0x000001fd5bd66b90 DEOPT PACKING pc=0x000001fd66ee5f19 sp=0x0000006b01af9b90
Event: 4.521 Thread 0x000001fd5bd66b90 DEOPT UNPACKING pc=0x000001fd6e3d1a02 sp=0x0000006b01af8fe0 mode 0
Event: 4.686 Thread 0x000001fd5bd66b90 Uncommon trap: trap_request=0xffffff45 fr.pc=0x000001fd6e940c28 relative=0x0000000000000aa8
Event: 4.686 Thread 0x000001fd5bd66b90 Uncommon trap: reason=unstable_if action=reinterpret pc=0x000001fd6e940c28 method=java.util.HashMap.putVal(ILjava/lang/Object;Ljava/lang/Object;ZZ)Ljava/lang/Object; @ 81 c2
Event: 4.686 Thread 0x000001fd5bd66b90 DEOPT PACKING pc=0x000001fd6e940c28 sp=0x0000006b01afde70
Event: 4.686 Thread 0x000001fd5bd66b90 DEOPT UNPACKING pc=0x000001fd6e416e02 sp=0x0000006b01afddf0 mode 2
Event: 4.723 Thread 0x000001fd5bd66b90 Uncommon trap: trap_request=0xffffff45 fr.pc=0x000001fd6e9326f8 relative=0x0000000000000078
Event: 4.723 Thread 0x000001fd5bd66b90 Uncommon trap: reason=unstable_if action=reinterpret pc=0x000001fd6e9326f8 method=jdk.internal.misc.Unsafe.convEndian(ZS)S @ 4 c2
Event: 4.723 Thread 0x000001fd5bd66b90 DEOPT PACKING pc=0x000001fd6e9326f8 sp=0x0000006b01afdb90
Event: 4.723 Thread 0x000001fd5bd66b90 DEOPT UNPACKING pc=0x000001fd6e416e02 sp=0x0000006b01afdac0 mode 2

Classes loaded (20 events):
Event: 4.723 Loading class java/lang/reflect/UndeclaredThrowableException
Event: 4.724 Loading class java/lang/reflect/UndeclaredThrowableException done
Event: 4.724 Loading class java/lang/IllegalAccessException
Event: 4.724 Loading class java/lang/IllegalAccessException done
Event: 4.784 Loading class sun/invoke/util/BytecodeDescriptor
Event: 4.785 Loading class sun/invoke/util/BytecodeDescriptor done
Event: 4.785 Loading class sun/reflect/annotation/AnnotationType
Event: 4.785 Loading class sun/reflect/annotation/AnnotationType done
Event: 4.788 Loading class sun/reflect/annotation/ExceptionProxy
Event: 4.788 Loading class sun/reflect/annotation/ExceptionProxy done
Event: 4.788 Loading class java/lang/annotation/Retention
Event: 4.789 Loading class java/lang/annotation/Retention done
Event: 4.789 Loading class java/lang/annotation/Inherited
Event: 4.789 Loading class java/lang/annotation/Inherited done
Event: 4.789 Loading class java/lang/annotation/RetentionPolicy
Event: 4.789 Loading class java/lang/annotation/RetentionPolicy done
Event: 4.796 Loading class sun/reflect/annotation/AnnotationTypeMismatchExceptionProxy
Event: 4.798 Loading class sun/reflect/annotation/AnnotationTypeMismatchExceptionProxy done
Event: 4.799 Loading class sun/reflect/annotation/AnnotationInvocationHandler
Event: 4.799 Loading class sun/reflect/annotation/AnnotationInvocationHandler done

Classes unloaded (0 events):
No events

Classes redefined (0 events):
No events

Internal exceptions (3 events):
Event: 0.808 Thread 0x000001fd5bd66b90 Exception <a 'java/lang/NoSuchMethodError'{0x00000000ffc241f0}: 'java.lang.Object java.lang.invoke.DirectMethodHandle$Holder.invokeStaticInit(java.lang.Object)'> (0x00000000ffc241f0) 
thrown [s\open\src\hotspot\share\interpreter\linkResolver.cpp, line 804]
Event: 1.625 Thread 0x000001fd5bd66b90 Exception <a 'java/lang/NoSuchMethodError'{0x00000000ffa75160}: 'void java.lang.invoke.DirectMethodHandle$Holder.invokeStatic(java.lang.Object, java.lang.Object)'> (0x00000000ffa75160) 
thrown [s\open\src\hotspot\share\interpreter\linkResolver.cpp, line 804]
Event: 1.630 Thread 0x000001fd5bd66b90 Exception <a 'java/lang/NoSuchMethodError'{0x00000000ffa7d7c0}: 'void java.lang.invoke.DirectMethodHandle$Holder.invokeSpecial(java.lang.Object, java.lang.Object, java.lang.Object)'> (0x00000000ffa7d7c0) 
thrown [s\open\src\hotspot\share\interpreter\linkResolver.cpp, line 804]

VM Operations (0 events):
No events

Memory protections (0 events):
No events

Nmethod flushes (0 events):
No events

Events (14 events):
Event: 0.229 Thread 0x000001fd5bd66b90 Thread added: 0x000001fd5bd66b90
Event: 0.245 Thread 0x000001fd5bd66b90 JVMTI - enter early start phase
Event: 0.263 Thread 0x000001fd5bd66b90 Thread added: 0x000001fd5e249640
Event: 0.263 Thread 0x000001fd5bd66b90 Thread added: 0x000001fd5e24b970
Event: 0.264 Thread 0x000001fd5bd66b90 Thread added: 0x000001fd7907ec50
Event: 0.264 Thread 0x000001fd5bd66b90 Thread added: 0x000001fd7907f800
Event: 0.265 Thread 0x000001fd5bd66b90 Thread added: 0x000001fd79080f20
Event: 0.265 Thread 0x000001fd5bd66b90 Thread added: 0x000001fd790866a0
Event: 0.265 Thread 0x000001fd5bd66b90 Thread added: 0x000001fd79084620
Event: 0.265 Thread 0x000001fd5bd66b90 Thread added: 0x000001fd79084e20
Event: 0.280 Thread 0x000001fd5bd66b90 JVMTI - enter start phase
Event: 0.281 Thread 0x000001fd5bd66b90 JVMTI - enter live phase
Event: 0.281 Thread 0x000001fd5bd66b90 Thread added: 0x000001fd790c8490
Event: 0.287 Thread 0x000001fd5bd66b90 Thread added: 0x000001fd790cd980


Dynamic libraries:
0x00007ff696c00000 - 0x00007ff696c10000 	C:\Program Files\Java\jdk-26.0.2.1\bin\java.exe
0x00007ffbb2340000 - 0x00007ffbb25a7000 	C:\WINDOWS\SYSTEM32\ntdll.dll
0x00007ffbb14f0000 - 0x00007ffbb15bb000 	C:\WINDOWS\System32\KERNEL32.DLL
0x00007ffbafbc0000 - 0x00007ffbaffc2000 	C:\WINDOWS\System32\KERNELBASE.dll
0x00007ffbaf930000 - 0x00007ffbafa7c000 	C:\WINDOWS\System32\ucrtbase.dll
0x00007ffb73a90000 - 0x00007ffb73aa7000 	C:\Program Files\Java\jdk-26.0.2.1\bin\jli.dll
0x00007ffbb1b30000 - 0x00007ffbb1cff000 	C:\WINDOWS\System32\USER32.dll
0x00007ffbaf900000 - 0x00007ffbaf927000 	C:\WINDOWS\System32\win32u.dll
0x00007ffbb2100000 - 0x00007ffbb212b000 	C:\WINDOWS\System32\GDI32.dll
0x00007ffb969b0000 - 0x00007ffb96c40000 	C:\WINDOWS\WinSxS\amd64_microsoft.windows.common-controls_6595b64144ccf1df_6.0.26100.9278_none_3e0d1ba8e3303201\COMCTL32.dll
0x00007ffbafa90000 - 0x00007ffbafbb9000 	C:\WINDOWS\System32\gdi32full.dll
0x00007ffbb2050000 - 0x00007ffbb20f9000 	C:\WINDOWS\System32\msvcrt.dll
0x00007ffbaf540000 - 0x00007ffbaf5e3000 	C:\WINDOWS\System32\msvcp_win.dll
0x00007ffb70040000 - 0x00007ffb7005e000 	C:\Program Files\Java\jdk-26.0.2.1\bin\VCRUNTIME140.dll
0x00007ffbb2010000 - 0x00007ffbb2041000 	C:\WINDOWS\System32\IMM32.DLL
0x00007ffb8a790000 - 0x00007ffb8a79c000 	C:\Program Files\Java\jdk-26.0.2.1\bin\vcruntime140_1.dll
0x00007ffb69ad0000 - 0x00007ffb69b5d000 	C:\Program Files\Java\jdk-26.0.2.1\bin\msvcp140.dll
0x00007ffada650000 - 0x00007ffadb521000 	C:\Program Files\Java\jdk-26.0.2.1\bin\server\jvm.dll
0x00007ffbb2140000 - 0x00007ffbb21fc000 	C:\WINDOWS\System32\ADVAPI32.dll
0x00007ffbb11c0000 - 0x00007ffbb1269000 	C:\WINDOWS\System32\sechost.dll
0x00007ffbb10a0000 - 0x00007ffbb11b8000 	C:\WINDOWS\System32\RPCRT4.dll
0x00007ffbb0c80000 - 0x00007ffbb0d00000 	C:\WINDOWS\System32\WS2_32.dll
0x00007ffbaf3a0000 - 0x00007ffbaf3fe000 	C:\WINDOWS\SYSTEM32\POWRPROF.dll
0x00007ffba6cd0000 - 0x00007ffba6d06000 	C:\WINDOWS\SYSTEM32\WINMM.dll
0x00007ffb9eae0000 - 0x00007ffb9eaeb000 	C:\WINDOWS\SYSTEM32\VERSION.dll
0x00007ffbaf380000 - 0x00007ffbaf395000 	C:\WINDOWS\SYSTEM32\UMPDC.dll
0x00007ffbae210000 - 0x00007ffbae22b000 	C:\WINDOWS\SYSTEM32\kernel.appcore.dll
0x00007ffb7fb80000 - 0x00007ffb7fb8a000 	C:\Program Files\Java\jdk-26.0.2.1\bin\jimage.dll
0x00007ffbac910000 - 0x00007ffbacb5c000 	C:\WINDOWS\SYSTEM32\DBGHELP.DLL
0x00007ffbb0d10000 - 0x00007ffbb1095000 	C:\WINDOWS\System32\combase.dll
0x00007ffbb0350000 - 0x00007ffbb0429000 	C:\WINDOWS\System32\OLEAUT32.dll
0x00007ffb7eb40000 - 0x00007ffb7eb7b000 	C:\WINDOWS\SYSTEM32\dbgcore.DLL
0x00007ffbaf5f0000 - 0x00007ffbaf69c000 	C:\WINDOWS\System32\bcryptPrimitives.dll
0x00007ffb6f8c0000 - 0x00007ffb6f8df000 	C:\Program Files\Java\jdk-26.0.2.1\bin\java.dll
0x00007ffbb1e70000 - 0x00007ffbb200a000 	C:\WINDOWS\System32\ole32.dll
0x00007ffbb04c0000 - 0x00007ffbb0c58000 	C:\WINDOWS\System32\SHELL32.dll
0x00007ffbace30000 - 0x00007ffbad6de000 	C:\WINDOWS\SYSTEM32\windows.storage.dll
0x00007ffbb1380000 - 0x00007ffbb147b000 	C:\WINDOWS\System32\SHCORE.dll
0x00007ffbb2260000 - 0x00007ffbb22c6000 	C:\WINDOWS\System32\shlwapi.dll
0x00007ffbaf460000 - 0x00007ffbaf489000 	C:\WINDOWS\SYSTEM32\profapi.dll
0x00007ffb6b820000 - 0x00007ffb6b832000 	C:\Program Files\Java\jdk-26.0.2.1\bin\net.dll
0x00007ffbae7d0000 - 0x00007ffbae83c000 	C:\WINDOWS\system32\mswsock.dll
0x00007ffb6b800000 - 0x00007ffb6b816000 	C:\Program Files\Java\jdk-26.0.2.1\bin\nio.dll
0x00007ffb6b7e0000 - 0x00007ffb6b7f6000 	C:\Program Files\Java\jdk-26.0.2.1\bin\zip.dll

JVMTI agents: none

dbghelp: loaded successfully - version: 4.0.5 - missing functions: none
symbol engine: initialized successfully - sym options: 0x614 - pdb path: .;C:\Program Files\Java\jdk-26.0.2.1\bin;C:\WINDOWS\SYSTEM32;C:\WINDOWS\WinSxS\amd64_microsoft.windows.common-controls_6595b64144ccf1df_6.0.26100.9278_none_3e0d1ba8e3303201;C:\Program Files\Java\jdk-26.0.2.1\bin\server

VM Arguments:
jvm_args: -Xmx64m -Xms64m -Dorg.gradle.appname=gradlew 
java_command: C:\Users\tloup\AndroidStudioProjects\MedicheckReminder\\gradle\wrapper\gradle-wrapper.jar :app:compileDebugKotlin
java_class_path (initial): C:\Users\tloup\AndroidStudioProjects\MedicheckReminder\\gradle\wrapper\gradle-wrapper.jar
Launcher Type: SUN_STANDARD

[Global flags]
     bool AOTAdapterCaching                        = false                                  {diagnostic} {ergonomic}
     bool AOTInvokeDynamicLinking                  = false                                  {diagnostic} {ergonomic}
     bool AOTRecordTraining                        = false                                  {diagnostic} {ergonomic}
     bool AOTReplayTraining                        = false                                  {diagnostic} {ergonomic}
     bool AOTStubCaching                           = false                                  {diagnostic} {ergonomic}
     intx CICompilerCount                          = 4                                         {product} {ergonomic}
     uint ConcGCThreads                            = 3                                         {product} {ergonomic}
     uint G1ConcRefinementThreads                  = 10                                        {product} {ergonomic}
     uint G1EagerReclaimRemSetThreshold            = 10                                   {experimental} {ergonomic}
   size_t G1HeapRegionSize                         = 1048576                                   {product} {ergonomic}
     uint G1RemSetArrayOfCardsEntries              = 10                                   {experimental} {ergonomic}
     uint G1RemSetHowlMaxNumBuckets                = 8                                    {experimental} {ergonomic}
     uint G1RemSetHowlNumBuckets                   = 4                                    {experimental} {ergonomic}
   size_t InitialHeapSize                          = 67108864                                  {product} {command line}
     bool IntelJccErratumMitigation                = false                             {ARCH diagnostic} {ergonomic}
   size_t MarkStackSize                            = 4194304                                   {product} {ergonomic}
   size_t MarkStackSizeMax                         = 536870912                                 {product} {ergonomic}
   size_t MaxHeapSize                              = 67108864                                  {product} {command line}
   size_t MaxNewSize                               = 39845888                                  {product} {ergonomic}
 uint64_t MaxRAM                                   = 8186220544                                {product} {ergonomic}
   size_t MinHeapDeltaBytes                        = 1048576                                   {product} {ergonomic}
   size_t MinHeapSize                              = 67108864                                  {product} {command line}
   size_t NonNMethodCodeHeapSize                   = 5898240                                {pd product} {ergonomic}
   size_t NonProfiledCodeHeapSize                  = 122945536                              {pd product} {ergonomic}
   size_t ProfiledCodeHeapSize                     = 122945536                              {pd product} {ergonomic}
   size_t ReservedCodeCacheSize                    = 251789312                              {pd product} {ergonomic}
     bool SegmentedCodeCache                       = true                                      {product} {ergonomic}
   size_t SoftMaxHeapSize                          = 67108864                               {manageable} {ergonomic}
     bool UseCompressedOops                        = true                           {product lp64_product} {ergonomic}
     bool UseCondCardMark                          = true                                      {product} {ergonomic}
     bool UseFastUnorderedTimeStamps               = true                                 {experimental} {ergonomic}
     bool UseG1GC                                  = true                                      {product} {ergonomic}
     bool UseLargePagesIndividualAllocation        = false                                  {pd product} {ergonomic}
      int X86ICacheSync                            = 3                                 {ARCH diagnostic} {ergonomic}

Logging:
Log output configuration:
 #0: stdout all=warning uptime,level,tags foldmultilines=false
 #1: stderr all=off uptime,level,tags foldmultilines=false

Release file:
IMPLEMENTOR="Oracle Corporation" 
JAVA_RUNTIME_VERSION="26.0.2.1+1-7" 
JAVA_VERSION="26.0.2.1" 
JAVA_VERSION_DATE="2026-08-18" 
LIBC="default" 
MODULES="java.base java.compiler java.datatransfer java.xml java.prefs java.desktop java.instrument java.logging java.management java.security.sasl java.naming java.rmi java.management.rmi java.net.http java.scripting java.security.jgss java.transaction.xa java.sql java.sql.rowset java.xml.crypto java.se java.smartcardio jdk.accessibility jdk.internal.jvmstat jdk.attach jdk.charsets jdk.internal.opt jdk.zipfs jdk.compiler jdk.crypto.cryptoki jdk.crypto.ec jdk.crypto.mscapi jdk.dynalink jdk.internal.ed jdk.editpad jdk.internal.vm.ci jdk.graal.compiler jdk.graal.compiler.management jdk.hotspot.agent jdk.httpserver jdk.incubator.vector jdk.internal.le jdk.internal.md jdk.jartool jdk.javadoc jdk.jcmd jdk.management jdk.management.agent jdk.jconsole jdk.jdeps jdk.jdwp.agent jdk.jdi jdk.jfr jdk.jlink jdk.jpackage jdk.jshell jdk.jstatd jdk.localedata jdk.management.jfr jdk.naming.dns jdk.naming.rmi jdk.net jdk.nio.mapmode jdk.sctp jdk.security.auth jdk.security.jgss jdk.unsupported jdk.unsupported.desktop jdk.xml.dom" 
OS_ARCH="x86_64" 
OS_NAME="Windows" 
SOURCE=".:git:0d9eee3548f0 open:git:d55edf1cba61" 

Environment Variables:
PATH=c:\Users\tloup\AppData\Local\Programs\cursor\resources\app\node_modules\@vscode\ripgrep\bin;C:\Program Files\Common Files\Oracle\Java\javapath;C:\WINDOWS\system32;C:\WINDOWS;C:\WINDOWS\System32\Wbem;C:\WINDOWS\System32\WindowsPowerShell\v1.0\;C:\WINDOWS\System32\OpenSSH\;C:\Program Files\dotnet\;C:\ProgramData\chocolatey\bin;C:\Program Files\Git\cmd;C:\Program Files\Microsoft SQL Server\170\Tools\Binn\;C:\Program Files\Microsoft SQL Server\Client SDK\ODBC\170\Tools\Binn\;C:\Program Files (x86)\Windows Kits\10\Windows Performance Toolkit\;C:\Program Files\nodejs\;C:\Users\tloup\AppData\Local\Programs\Python\Launcher\;C:\Users\tloup\AppData\Local\Microsoft\WindowsApps;C:\Users\tloup\AppData\Local\JetBrains\Toolbox\scripts;C:\Users\tloup\.dotnet\tools;C:\Users\tloup\AppData\Local\Programs\cursor\resources\app\bin;C:\Users\tloup\AppData\Roaming\npm
USERNAME=tloup
TERM=dumb
OS=Windows_NT
PROCESSOR_IDENTIFIER=Intel64 Family 6 Model 186 Stepping 3, GenuineIntel
TMP=C:\Users\tloup\AppData\Local\Temp
TEMP=C:\Users\tloup\AppData\Local\Temp




Compilation memory statistics disabled.

Periodic native trim disabled

---------------  S Y S T E M  ---------------

OS:
 Windows 11 , 64 bit Build 26100 (10.0.26100.9444)
OS uptime: 0 days 6:26 hours
Hyper-V role detected

CPU: total 12 (initial active 12) (hybrid) family 6 model 186 stepping 3 microcode 0x5102, cx8, cmov, fxsr, ht, mmx, 3dnowpref, sse, sse2, sse3, ssse3, sse4.1, sse4.2, popcnt, lzcnt, tsc, tscinvbit, avx, avx2, aes, erms, clmul, bmi1, bmi2, adx, sha, fma, vzeroupper, clflush, clflushopt, clwb, hv, serialize, rdtscp, rdpid, fsrm, gfni, f16c, cet_ibt, cet_ss, hybrid
Processor Information for the first 12 processors :
  Max Mhz: 1400, Current Mhz: 1400, Mhz Limit: 1400

Memory: 4k page, system-wide physical 7806M (213M free)
TotalPageFile size 31358M (AvailPageFile size 9M)
current process WorkingSet (physical memory assigned to process): 75M, peak: 75M
current process commit charge ("private bytes"): 164M, peak: 167M

vm_info: Java HotSpot(TM) 64-Bit Server VM (26.0.2.1+1-7) for windows-amd64 JRE (26.0.2.1+1-7), built on 2026-07-24T06:55:58Z with MS VC++ 17.13 (VS2022)

END.
